

DATA-FILE  WAGI0PTS.OUT


Name of run: WAGI0


Station=  WAGE , Soil=  2, Crop=  1, Irr.=  1, Runof=0.00, CO2=355.

 Planting on day 105, 1971
 Crop emergence on day   0, 1971
 Wageningen, irrig., 15 cm soilw., mid var., RUE=2.5                             

 POTATO PRODUCTION AND SOIL WATER STATUS
 =======================================
 DAY    WTUB    TAGB   RDRY   SMACT   TRAIN   TIRR  TTRANS   TESOIL  TDRAIN  TRUNOF   WTOT   WAVT   PARAB    PAR
 105      0.     60.   1.00   0.40      0.      0.      0.      0.      0.      0.    200.    150.     0.     0.
 125      0.     60.   1.00   0.39     20.      0.      0.     22.      3.      0.    194.    144.     0.   171.
 137      0.     60.   1.00   0.40     63.      0.      0.     41.     22.      0.    200.    150.     0.   281.
 145      0.    362.   1.00   0.39     79.      0.      3.     55.     25.      0.    196.    146.    10.   348.
 165   1451.   4679.   1.00   0.29     99.      0.     66.     61.     25.      0.    147.     97.   157.   523.
 185   5356.   8953.   1.00   0.34    187.      0.    131.     61.     25.      0.    170.    120.   308.   674.
 205  10709.  14569.   1.00   0.27    204.     30.    212.     61.     25.      0.    137.     87.   502.   868.
 225  14945.  18515.   1.00   0.26    244.     50.    276.     63.     25.      0.    130.     80.   633.  1007.
 239  16260.  19464.   1.00   0.29    275.     70.    291.     82.     25.      0.    147.     97.   666.  1112.
 239  16260.  19464.   1.00   0.29    275.     70.    291.     82.     25.      0.    147.     97.   666.  1112.


DATA-FILE  WAGI0PTS.OUT


Name of run: WAGI1


Station=  WAGE , Soil=  2, Crop=  1, Irr.=  1, Runof=0.00, CO2=355.

 Planting on day 105, 1971
 Crop emergence on day   0, 1971
 Wageningen, irrig., 15 cm soilw., mid var., RUE=2.5                             

 POTATO PRODUCTION AND SOIL WATER STATUS
 =======================================
 DAY    WTUB    TAGB   RDRY   SMACT   TRAIN   TIRR  TTRANS   TESOIL  TDRAIN  TRUNOF   WTOT   WAVT   PARAB    PAR
 105      0.     60.   1.00   0.40      0.      0.      0.      0.      0.      0.    200.    150.     0.     0.
 125      0.     60.   1.00   0.39     20.      0.      0.     22.      3.      0.    194.    144.     0.   171.
 137      0.     60.   1.00   0.40     63.      0.      0.     41.     22.      0.    200.    150.     0.   281.
 145      0.    362.   1.00   0.39     79.      0.      3.     55.     25.      0.    196.    146.    10.   348.
 165   1451.   4679.   1.00   0.29     99.      0.     66.     61.     25.      0.    147.     97.   157.   523.
 185   5356.   8953.   1.00   0.34    187.      0.    131.     61.     25.      0.    170.    120.   308.   674.
 205  10709.  14569.   1.00   0.27    204.     30.    212.     61.     25.      0.    137.     87.   502.   868.
 225  14945.  18515.   1.00   0.26    244.     50.    276.     63.     25.      0.    130.     80.   633.  1007.
 239  16260.  19464.   1.00   0.29    275.     70.    291.     82.     25.      0.    147.     97.   666.  1112.
 239  16260.  19464.   1.00   0.29    275.     70.    291.     82.     25.      0.    147.     97.   666.  1112.


DATA-FILE  WAGI0PTS.OUT


Name of run: WAGW1


Station=  WAGE , Soil=  2, Crop=  2, Irr.=  0, Runof=0.00, CO2=355.

 Planting on day 105, 1971
 Crop emergence on day   0, 1971
 Wageningen, not-irrig., 15 cm soilw., mid var., RUE=3.0                         

 POTATO PRODUCTION AND SOIL WATER STATUS
 =======================================
 DAY    WTUB    TAGB   RDRY   SMACT   TRAIN   TIRR  TTRANS   TESOIL  TDRAIN  TRUNOF   WTOT   WAVT   PARAB    PAR
 105      0.     60.   1.00   0.40      0.      0.      0.      0.      0.      0.    200.    150.     0.     0.
 125      0.     60.   1.00   0.39     20.      0.      0.     22.      3.      0.    194.    144.     0.   171.
 137      0.     60.   1.00   0.40     63.      0.      0.     41.     22.      0.    200.    150.     0.   281.
 145      0.    362.   1.00   0.39     79.      0.      3.     55.     25.      0.    196.    146.    10.   348.
 165    597.   4679.   1.00   0.29     99.      0.     66.     61.     25.      0.    147.     97.   157.   523.
 185   4045.   8953.   1.00   0.34    187.      0.    131.     61.     25.      0.    170.    120.   308.   674.
 205   9102.  14486.   0.86   0.22    204.      0.    210.     61.     25.      0.    108.     58.   502.   868.
 225  13164.  17913.   1.00   0.18    244.      0.    266.     61.     25.      0.     92.     42.   640.  1007.
 245  16485.  20655.   0.70   0.18    284.      0.    306.     65.     25.      0.     88.     38.   760.  1142.
 260  17532.  21242.   0.96   0.15    285.      0.    314.     71.     25.      0.     75.     25.   786.  1245.
 260  17532.  21242.   0.96   0.15    285.      0.    314.     71.     25.      0.     75.     25.   786.  1245.


DATA-FILE  WAGI0PTS.OUT


Name of run: BOLW1


Station=  BOLO , Soil=  2, Crop=  2, Irr.=  0, Runof=0.00, CO2=355.

 Planting on day 105, 1971
 Crop emergence on day   0, 1971
 Bologna, not-irrig., 15 cm soilw., mid var., RUE=3.0                            

 POTATO PRODUCTION AND SOIL WATER STATUS
 =======================================
 DAY    WTUB    TAGB   RDRY   SMACT   TRAIN   TIRR  TTRANS   TESOIL  TDRAIN  TRUNOF   WTOT   WAVT   PARAB    PAR
 105      0.     60.   1.00   0.40      0.      0.      0.      0.      0.      0.    200.    150.     0.     0.
 125      0.     60.   1.00   0.40     29.      0.      0.     30.      0.      0.    199.    149.     0.   182.
 127      0.     60.   1.00   0.39     32.      0.      0.     36.      0.      0.    196.    146.     0.   205.
 145      0.   3942.   1.00   0.26     32.      0.     50.     52.      0.      0.    130.     80.   129.   435.
 165   2372.   8756.   0.29   0.15     44.      0.    116.     52.      0.      0.     76.     26.   365.   671.
 185   4964.  10263.   0.09   0.12     51.      0.    141.     52.      0.      0.     58.      8.   643.   948.
 205   6090.  10688.   0.19   0.13     71.      0.    150.     55.      0.      0.     66.     16.   885.  1202.
 214   6376.  10790.   0.02   0.10     71.      0.    153.     66.      0.      0.     52.      2.   923.  1319.
 214   6376.  10790.   0.02   0.10     71.      0.    153.     66.      0.      0.     52.      2.   923.  1319.


DATA-FILE  WAGI0PTS.OUT


Name of run: BOLW1


Station=  BOLO , Soil=  2, Crop=  2, Irr.=  0, Runof=0.00, CO2=355.

 Planting on day 105, 1972
 Crop emergence on day   0, 1972
 Bologna, not-irrig., 15 cm soilw., mid var., RUE=3.0                            

 POTATO PRODUCTION AND SOIL WATER STATUS
 =======================================
 DAY    WTUB    TAGB   RDRY   SMACT   TRAIN   TIRR  TTRANS   TESOIL  TDRAIN  TRUNOF   WTOT   WAVT   PARAB    PAR
 105      0.     60.   1.00   0.40      0.      0.      0.      0.      0.      0.    200.    150.     0.     0.
 125      0.     60.   1.00   0.38    104.      0.      0.     31.     82.      0.    191.    141.     0.   147.
 127      0.     60.   1.00   0.38    108.      0.      0.     34.     82.      0.    192.    142.     0.   157.
 132      0.     60.   1.00   0.37    108.      0.      0.     39.     82.      0.    187.    137.     0.   210.
 145      0.   1368.   1.00   0.37    155.      0.     15.     60.     96.      0.    184.    134.    44.   336.
 165   1275.   7455.   0.59   0.19    158.      0.    108.     61.     96.      0.     93.     43.   277.   575.
 185   3864.   9547.   0.15   0.13    164.      0.    144.     61.     96.      0.     63.     13.   511.   810.
 205   5623.  10548.   0.16   0.13    186.      0.    165.     61.     96.      0.     64.     14.   726.  1024.
 221   6957.  11407.   0.54   0.19    257.      0.    183.     84.     96.      0.     94.     44.   810.  1208.
 221   6957.  11407.   0.54   0.19    257.      0.    183.     84.     96.      0.     94.     44.   810.  1208.


DATA-FILE  WAGI0PTS.OUT


Name of run: BOLW1


Station=  BOLO , Soil=  2, Crop=  2, Irr.=  0, Runof=0.00, CO2=355.

 Planting on day 105, 1973
 Crop emergence on day   0, 1973
 Bologna, not-irrig., 15 cm soilw., mid var., RUE=3.0                            

 POTATO PRODUCTION AND SOIL WATER STATUS
 =======================================
 DAY    WTUB    TAGB   RDRY   SMACT   TRAIN   TIRR  TTRANS   TESOIL  TDRAIN  TRUNOF   WTOT   WAVT   PARAB    PAR
 105      0.     60.   1.00   0.40      0.      0.      0.      0.      0.      0.    200.    150.     0.     0.
 125      0.     60.   1.00   0.37     26.      0.      0.     27.     12.      0.    187.    137.     0.   165.
 130      0.     60.   1.00   0.36     28.      0.      0.     35.     12.      0.    182.    132.     0.   222.
 145      0.   1868.   1.00   0.33     42.      0.     22.     44.     12.      0.    164.    114.    61.   368.
 165   1213.   7638.   0.87   0.26    103.      0.    119.     44.     12.      0.    128.     78.   279.   589.
 185   4171.  11397.   0.25   0.15    120.      0.    190.     44.     12.      0.     74.     24.   537.   847.
 205   5716.  12416.   0.13   0.12    135.      0.    217.     46.     12.      0.     60.     10.   766.  1089.
 215   6881.  12719.   0.29   0.14    173.      0.    223.     67.     12.      0.     71.     21.   798.  1199.
 215   6881.  12719.   0.29   0.14    173.      0.    223.     67.     12.      0.     71.     21.   798.  1199.


DATA-FILE  WAGI0PTS.OUT


Name of run: BOLW1


Station=  BOLO , Soil=  2, Crop=  2, Irr.=  0, Runof=0.00, CO2=355.

 Planting on day 105, 1974
 Crop emergence on day   0, 1974
 Bologna, not-irrig., 15 cm soilw., mid var., RUE=3.0                            

 POTATO PRODUCTION AND SOIL WATER STATUS
 =======================================
 DAY    WTUB    TAGB   RDRY   SMACT   TRAIN   TIRR  TTRANS   TESOIL  TDRAIN  TRUNOF   WTOT   WAVT   PARAB    PAR
 105      0.     60.   1.00   0.40      0.      0.      0.      0.      0.      0.    200.    150.     0.     0.
 125      0.     60.   1.00   0.40     69.      0.      0.     33.     38.      0.    199.    149.     0.   159.
 130      0.     60.   1.00   0.40     82.      0.      0.     44.     39.      0.    199.    149.     0.   204.
 132      0.     60.   1.00   0.39     82.      0.      0.     47.     39.      0.    196.    146.     0.   223.
 145      0.   1700.   1.00   0.37    103.      0.     21.     59.     39.      0.    184.    134.    59.   373.
 165   1345.   7972.   0.77   0.22    127.      0.    117.     60.     39.      0.    111.     61.   280.   598.
 185   4495.  10818.   0.28   0.14    136.      0.    166.     60.     39.      0.     71.     21.   497.   814.
 205   6282.  11778.   0.26   0.14    159.      0.    188.     60.     39.      0.     72.     22.   743.  1060.
 218   6992.  12236.   0.10   0.12    172.      0.    201.     73.     39.      0.     59.      9.   824.  1218.
 218   6992.  12236.   0.10   0.12    172.      0.    201.     73.     39.      0.     59.      9.   824.  1218.


DATA-FILE  WAGI0PTS.OUT


Name of run: BOLW1


Station=  BOLO , Soil=  2, Crop=  2, Irr.=  0, Runof=0.00, CO2=355.

 Planting on day 105, 1975
 Crop emergence on day   0, 1975
 Bologna, not-irrig., 15 cm soilw., mid var., RUE=3.0                            

 POTATO PRODUCTION AND SOIL WATER STATUS
 =======================================
 DAY    WTUB    TAGB   RDRY   SMACT   TRAIN   TIRR  TTRANS   TESOIL  TDRAIN  TRUNOF   WTOT   WAVT   PARAB    PAR
 105      0.     60.   1.00   0.40      0.      0.      0.      0.      0.      0.    200.    150.     0.     0.
 125      0.     60.   1.00   0.35      1.      0.      0.     26.      0.      0.    175.    125.     0.   236.
 128      0.     60.   1.00   0.40     39.      0.      0.     32.      7.      0.    200.    150.     0.   250.
 145      0.   2692.   1.00   0.34     67.      0.     37.     56.      7.      0.    168.    118.    95.   425.
 165   2270.   8990.   1.00   0.35    164.      0.    125.     56.      7.      0.    176.    126.   305.   635.
 185   6422.  14387.   0.43   0.16    167.      0.    222.     56.      7.      0.     82.     32.   571.   901.
 205   8287.  15672.   0.11   0.12    177.      0.    254.     57.      7.      0.     59.      9.   820.  1161.
 215   8961.  15752.   0.02   0.10    178.      0.    256.     63.      7.      0.     52.      2.   862.  1291.
 215   8961.  15752.   0.02   0.10    178.      0.    256.     63.      7.      0.     52.      2.   862.  1291.
