

DATA-FILE  WAGW1PTS.OUT


Name of run: WAGW1


Station=  WAGE , Soil=  2, Crop=  2, Irr.=  0, Runof= .00, CO2=355.

 Planting on day 105, 1970
 Crop emergence on day   0, 1970
 Wageningen, not-irrig., 15 cm soilw., mid var., RUE=3.0                         

 POTATO PRODUCTION AND SOIL WATER STATUS
 =======================================
 DAY    WTUB    TAGB   RDRY   SMACT   TRAIN   TIRR  TTRANS   TESOIL  TDRAIN  TRUNOF   WTOT   WAVT   PARAB    PAR
 105      0.     60.   1.00    .40      0.      0.      0.      0.      0.      0.    200.    150.     0.     0.
 125      0.     60.   1.00    .40     43.      0.      0.     29.     16.      0.    198.    148.     0.   109.
 137      0.     60.   1.00    .38     47.      0.      0.     43.     16.      0.    188.    138.     0.   216.
 145      0.    258.   1.00    .37     55.      0.      2.     52.     16.      0.    184.    134.     8.   282.
 165    270.   5080.   1.00    .24     68.      0.     74.     59.     16.      0.    119.     69.   177.   497.
 185   3472.   8607.   1.00    .23    121.      0.    131.     59.     16.      0.    116.     66.   347.   667.
 205   7483.  12300.   1.00    .26    193.      0.    191.     59.     16.      0.    128.     78.   496.   815.
 225  12106.  16717.    .75    .21    233.      0.    254.     59.     16.      0.    104.     54.   649.   969.
 245  15535.  19561.    .59    .15    246.      0.    294.     60.     16.      0.     76.     26.   771.  1116.
 257  16291.  19863.   1.00    .21    296.      0.    300.     73.     16.      0.    107.     57.   787.  1174.
 257  16291.  19863.   1.00    .21    296.      0.    300.     73.     16.      0.    107.     57.   787.  1174.


DATA-FILE  WAGW1PTS.OUT


Name of run: WAGW1


Station=  WAGE , Soil=  2, Crop=  2, Irr.=  0, Runof= .00, CO2=355.

 Planting on day 105, 1971
 Crop emergence on day   0, 1971
 Wageningen, not-irrig., 15 cm soilw., mid var., RUE=3.0                         

 POTATO PRODUCTION AND SOIL WATER STATUS
 =======================================
 DAY    WTUB    TAGB   RDRY   SMACT   TRAIN   TIRR  TTRANS   TESOIL  TDRAIN  TRUNOF   WTOT   WAVT   PARAB    PAR
 105      0.     60.   1.00    .40      0.      0.      0.      0.      0.      0.    200.    150.     0.     0.
 125      0.     60.   1.00    .39     20.      0.      0.     22.      3.      0.    194.    144.     0.   171.
 137      0.     60.   1.00    .40     63.      0.      0.     41.     22.      0.    200.    150.     0.   281.
 145      0.    362.   1.00    .39     79.      0.      3.     55.     25.      0.    196.    146.    10.   348.
 165    597.   4679.   1.00    .29     99.      0.     66.     61.     25.      0.    147.     97.   157.   523.
 185   4045.   8953.   1.00    .34    187.      0.    131.     61.     25.      0.    170.    120.   308.   674.
 205   9102.  14486.    .86    .22    204.      0.    210.     61.     25.      0.    108.     58.   502.   868.
 225  13164.  17913.   1.00    .18    244.      0.    266.     61.     25.      0.     92.     42.   640.  1007.
 245  16485.  20655.    .70    .18    284.      0.    306.     65.     25.      0.     88.     38.   760.  1142.
 260  17532.  21242.    .96    .15    285.      0.    314.     71.     25.      0.     75.     25.   786.  1245.
 260  17532.  21242.    .96    .15    285.      0.    314.     71.     25.      0.     75.     25.   786.  1245.


DATA-FILE  WAGW1PTS.OUT


Name of run: WAGW1


Station=  WAGE , Soil=  2, Crop=  2, Irr.=  0, Runof= .00, CO2=355.

 Planting on day 105, 1972
 Crop emergence on day   0, 1972
 Wageningen, not-irrig., 15 cm soilw., mid var., RUE=3.0                         

 POTATO PRODUCTION AND SOIL WATER STATUS
 =======================================
 DAY    WTUB    TAGB   RDRY   SMACT   TRAIN   TIRR  TTRANS   TESOIL  TDRAIN  TRUNOF   WTOT   WAVT   PARAB    PAR
 105      0.     60.   1.00    .40      0.      0.      0.      0.      0.      0.    200.    150.     0.     0.
 125      0.     60.   1.00    .39     45.      0.      0.     27.     24.      0.    195.    145.     0.   142.
 137      0.     60.   1.00    .40     93.      0.      0.     42.     51.      0.    200.    150.     0.   217.
 144      0.     60.   1.00    .39    104.      0.      0.     54.     55.      0.    195.    145.     0.   279.
 145      0.     60.   1.00    .39    106.      0.      0.     57.     55.      0.    194.    144.     0.   290.
 165      0.   2234.   1.00    .39    172.      0.     31.     84.     61.      0.    195.    145.    81.   440.
 185   2280.   6507.   1.00    .40    241.      0.     95.     85.     61.      0.    200.    150.   232.   593.
 205   6480.  11613.   1.00    .27    257.      0.    174.     85.     61.      0.    137.     87.   417.   778.
 225  10931.  15651.   1.00    .35    351.      0.    230.     85.     61.      0.    175.    125.   552.   913.
 245  15631.  20051.   1.00    .29    376.      0.    283.     85.     61.      0.    147.     97.   701.  1062.
 265  18237.  22224.   1.00    .32    420.      0.    307.     92.     61.      0.    160.    110.   782.  1179.
 275  18717.  22525.   1.00    .31    421.      0.    310.     94.     61.      0.    156.    106.   796.  1226.
